root@yeeun-virtual-machine:~# yes > /dev/null
죽었음
root@yeeun-virtual-machine:~# yes > /dev/null
^Z
[1]+  멈춤                  yes > /dev/null
root@yeeun-virtual-machine:~# bg
[1]+ yes > /dev/null &
root@yeeun-virtual-machine:~# jobs
[1]+  실행중               yes > /dev/null &
root@yeeun-virtual-machine:~# fg 1
yes > /dev/null
^Z    
[1]+  멈춤                  yes > /dev/null
root@yeeun-virtual-machine:~# ps -ef|grep yes
root        2927    2877 69 09:41 pts/0    00:01:28 yes
root        2935    2877  0 09:43 pts/0    00:00:00 grep --color=auto yes
root@yeeun-virtual-machine:~# kill -9 2927
root@yeeun-virtual-machine:~# yes > /dev/null
^Z[1]   죽었음               yes > /dev/null

[2]+  멈춤                  yes > /dev/null
root@yeeun-virtual-machine:~# ^C
root@yeeun-virtual-machine:~# jobs
[2]+  멈춤                  yes > /dev/null
root@yeeun-virtual-machine:~# fg 2
yes > /dev/null
^C
root@yeeun-virtual-machine:~# nano
root@yeeun-virtual-machine:~# nano &
[1] 2940
root@yeeun-virtual-machine:~# fg 1
nano
root@yeeun-virtual-machine:~# 

root@yeeun-virtual-machine:~# cd /lib/systemd/system
root@yeeun-virtual-machine:/lib/systemd/system# ls *.service
ModemManager.service                    rescue.service
NetworkManager-dispatcher.service       rsync.service
NetworkManager-wait-online.service      rsyslog.service
NetworkManager.service                  rtkit-daemon.service
accounts-daemon.service                 saned.service
acpid.service                           saned@.service
alsa-restore.service                    secureboot-db.service
alsa-state.service                      serial-getty@.service
alsa-utils.service                      setvtrgb.service
anacron.service                         snapd.aa-prompt-listener.service
apparmor.service                        snapd.apparmor.service
apport-autoreport.service               snapd.autoimport.service
apport-forward@.service                 snapd.core-fixup.service
apt-daily-upgrade.service               snapd.failure.service
apt-daily.service                       snapd.recovery-chooser-trigger.service
apt-news.service                        snapd.seeded.service
autovt@.service                         snapd.service
avahi-daemon.service                    snapd.snap-repair.service
bluetooth.service                       snapd.system-shutdown.service
bolt.service                            speech-dispatcherd.service
brltty-udev.service                     spice-vdagent.service
brltty.service                          spice-vdagentd.service
colord.service                          switcheroo-control.service
configure-printer@.service              system-update-cleanup.service
console-getty.service                   systemd-ask-password-console.service
console-setup.service                   systemd-ask-password-plymouth.service
container-getty@.service                systemd-ask-password-wall.service
cron.service                            systemd-backlight@.service
cryptdisks-early.service                systemd-binfmt.service
cryptdisks.service                      systemd-bless-boot.service
cups-browsed.service                    systemd-boot-check-no-failures.service
cups.service                            systemd-boot-system-token.service
dbus-org.freedesktop.hostname1.service  systemd-exit.service
dbus-org.freedesktop.locale1.service    systemd-fsck-root.service
dbus-org.freedesktop.login1.service     systemd-fsck@.service
dbus-org.freedesktop.timedate1.service  systemd-fsckd.service
dbus.service                            systemd-halt.service
debug-shell.service                     systemd-hibernate-resume@.service
dmesg.service                           systemd-hibernate.service
dpkg-db-backup.service                  systemd-hostnamed.service
e2scrub@.service                        systemd-hybrid-sleep.service
e2scrub_all.service                     systemd-initctl.service
e2scrub_fail@.service                   systemd-journal-flush.service
e2scrub_reap.service                    systemd-journald.service
emergency.service                       systemd-journald@.service
esm-cache.service                       systemd-kexec.service
fprintd.service                         systemd-localed.service
friendly-recovery.service               systemd-logind.service
fstrim.service                          systemd-machine-id-commit.service
fwupd-offline-update.service            systemd-modules-load.service
fwupd-refresh.service                   systemd-network-generator.service
fwupd.service                           systemd-networkd-wait-online.service
gdm.service                             systemd-networkd.service
gdm3.service                            systemd-oomd.service
geoclue.service                         systemd-poweroff.service
getty-static.service                    systemd-pstore.service
getty@.service                          systemd-quotacheck.service
gpu-manager.service                     systemd-random-seed.service
grub-common.service                     systemd-reboot.service
grub-initrd-fallback.service            systemd-remount-fs.service
hwclock.service                         systemd-resolved.service
iio-sensor-proxy.service                systemd-rfkill.service
initrd-cleanup.service                  systemd-suspend-then-hibernate.service
initrd-parse-etc.service                systemd-suspend.service
initrd-switch-root.service              systemd-sysctl.service
initrd-udevadm-cleanup-db.service       systemd-sysext.service
ipp-usb.service                         systemd-sysusers.service
irqbalance.service                      systemd-time-wait-sync.service
kerneloops.service                      systemd-timedated.service
keyboard-setup.service                  systemd-timesyncd.service
kmod-static-nodes.service               systemd-tmpfiles-clean.service
kmod.service                            systemd-tmpfiles-setup-dev.service
logrotate.service                       systemd-tmpfiles-setup.service
man-db.service                          systemd-udev-settle.service
modprobe@.service                       systemd-udev-trigger.service
motd-news.service                       systemd-udevd.service
networkd-dispatcher.service             systemd-update-utmp-runlevel.service
nftables.service                        systemd-update-utmp.service
nm-priv-helper.service                  systemd-user-sessions.service
open-vm-tools.service                   systemd-volatile-root.service
openvpn-client@.service                 thermald.service
openvpn-server@.service                 ua-reboot-cmds.service
openvpn.service                         ua-timer.service
openvpn@.service                        ubuntu-advantage-desktop-daemon.service
packagekit-offline-update.service       ubuntu-advantage.service
packagekit.service                      udev.service
plymouth-halt.service                   udisks2.service
plymouth-kexec.service                  ufw.service
plymouth-log.service                    unattended-upgrades.service
plymouth-poweroff.service               update-notifier-download.service
plymouth-quit-wait.service              update-notifier-motd.service
plymouth-quit.service                   upower.service
plymouth-read-write.service             usb_modeswitch@.service
plymouth-reboot.service                 usbmuxd.service
plymouth-start.service                  user-runtime-dir@.service
plymouth-switch-root-initramfs.service  user@.service
plymouth-switch-root.service            uuidd.service
plymouth.service                        vgauth.service
polkit.service                          wacom-inputattach@.service
power-profiles-daemon.service           whoopsie.service
procps.service                          wpa_supplicant-nl80211@.service
pulseaudio-enable-autospawn.service     wpa_supplicant-wired@.service
quotaon.service                         wpa_supplicant.service
rc-local.service                        wpa_supplicant@.service
rc.service                              x11-common.service
rcS.service
root@yeeun-virtual-machine:/lib/systemd/system# ls *.socket
acpid.socket            systemd-journald-audit.socket
apport-forward.socket   systemd-journald-dev-log.socket
avahi-daemon.socket     systemd-journald-varlink@.socket
cups.socket             systemd-journald.socket
dbus.socket             systemd-journald@.socket
saned.socket            systemd-networkd.socket
snapd.socket            systemd-rfkill.socket
spice-vdagentd.socket   systemd-udevd-control.socket
syslog.socket           systemd-udevd-kernel.socket
systemd-fsckd.socket    uuidd.socket
systemd-initctl.socket
root@yeeun-virtual-machine:/lib/systemd/system# 

Chapter 06. 리눅스 패키지 설치와 응급 복구

root@yeeun-virtual-machine:/lib/systemd/system# cd
root@yeeun-virtual-machine:~/다운로드# wget https://dl.google.com/linux/direct/google-chrome-stable_current_amd64.deb
--2023-05-16 10:25:00--  https://dl.google.com/linux/direct/google-chrome-stable_current_amd64.deb
dl.google.com (dl.google.com) 해석 중... 142.251.220.46, 2404:6800:4005:805::200e
다음으로 연결 중: dl.google.com (dl.google.com)|142.251.220.46|:443... 연결했습니다.
HTTP 요청을 보냈습니다. 응답 기다리는 중... 200 OK
길이: 94953468 (91M) [application/x-debian-package]
저장 위치: ‘google-chrome-stable_current_amd64.deb’

google-chrome-stable_current_a 100%[===================================================>]  90.55M  10.6MB/s    / 16s      

2023-05-16 10:25:17 (5.70 MB/s) - ‘google-chrome-stable_current_amd64.deb’ 저장함 [94953468/94953468]

root@yeeun-virtual-machine:~/다운로드# ls
google-chrome-stable_current_amd64.deb
root@yeeun-virtual-machine:~/다운로드# dpkg -i google-chrome-stable_current_amd64.deb
Selecting previously unselected package google-chrome-stable.
(데이터베이스 읽는중 ...현재 202163개의 파일과 디렉터리가 설치되어 있습니다.)
Preparing to unpack google-chrome-stable_current_amd64.deb ...
Unpacking google-chrome-stable (113.0.5672.92-1) ...

google-chrome-stable (113.0.5672.92-1) 설정하는 중입니다 ...
update-alternatives: using /usr/bin/google-chrome-stable to provide /usr/bin/x-www-browser (x-www-browser) in auto mode
update-alternatives: using /usr/bin/google-chrome-stable to provide /usr/bin/gnome-www-browser (gnome-www-browser) in auto mode
update-alternatives: using /usr/bin/google-chrome-stable to provide /usr/bin/google-chrome (google-chrome) in auto mode
Processing triggers for mailcap (3.70+nmu1ubuntu1) ...
Processing triggers for gnome-menus (3.36.0-1ubuntu3) ...
Processing triggers for desktop-file-utils (0.26-1ubuntu3) ...
Processing triggers for man-db (2.10.2-1) ...
root@yeeun-virtual-machine:~/다운로드# 
root@yeeun-virtual-machine:~/다운로드# apt install ./google-chrome-stable_current_amd64.deb
패키지 목록을 읽는 중입니다... 완료
의존성 트리를 만드는 중입니다... 완료
상태 정보를 읽는 중입니다... 완료        
주의, './google-chrome-stable_current_amd64.deb' 대신에 'google-chrome-stable' 패키지를 선택합니다
패키지 google-chrome-stable는 이미 최신 버전입니다 (113.0.5672.92-1).
0개 업그레이드, 0개 새로 설치, 0개 제거 및 0개 업그레이드 안 함.
root@yeeun-virtual-machine:~/다운로드# google-chrome
[4185:4185:0516/104028.226890:ERROR:zygote_host_impl_linux.cc(100)] Running as root without --no-sandbox is not supported. See https://crbug.com/638180.
root@yeeun-virtual-machine:~/다운로드# nano google-chrome-stable
root@yeeun-virtual-machine:~/다운로드# nano /usr/bin/google-chrome-stable
root@yeeun-virtual-machine:~/다운로드# google-chrome
[4237:4237:0516/104542.696776:ERROR:network_service_instance_impl.cc(541)] Network service crashed, restarting service.

(google-chrome:4237): IBUS-WARNING **: 10:46:04.767: google-chrome has no capability of surrounding-text feature

... (생략)

(google-chrome:4237): IBUS-WARNING **: 10:46:20.648: google-chrome has no capability of surrounding-text feature
^Z
[1]+  멈춤                  google-chrome
root@yeeun-virtual-machine:~/다운로드# bg 1 
[1]+ google-chrome &
root@yeeun-virtual-machine:~/다운로드# 

root@yeeun-virtual-machine:~/바탕화면# cd ..
root@yeeun-virtual-machine:~# cd /다운로드
bash: cd: /다운로드: 그런 파일이나 디렉터리가 없습니다
root@yeeun-virtual-machine:~# ls
linkdir     snap  다운로드  바탕화면  사진  템플릿
mydata.txt  공개  문서      비디오    음악
root@yeeun-virtual-machine:~# cd 다운로드/
root@yeeun-virtual-machine:~/다운로드# dpkg -l google
dpkg-query: google와 일치하는 패키지를 찾지 못했습니다
root@yeeun-virtual-machine:~/다운로드# dpkg --info google
dpkg-deb: 오류: `google' 아카이브를 읽는데 실패했습니다: 그런 파일이나 디렉터리가 없습니다
root@yeeun-virtual-machine:~/다운로드# dpkg --info google.deb
dpkg-deb: 오류: `google.deb' 아카이브를 읽는데 실패했습니다: 그런 파일이나 디렉터리가 없습니다
root@yeeun-virtual-machine:~/다운로드# google
명령어 'google' 을(를) 찾을 수 없습니다. 다음 명령어로 시도하시겠습니까:
  deb googlergoogler의 명령어 ' (4.3.2-1)'
  deb hooglehoogle의 명령어 ' (5.0.18.1+dfsg1-2build1)'
Try: apt install <deb name>
root@yeeun-virtual-machine:~/다운로드# wget http://archive.ubuntu.com/ubuntu/pool/universe/m/mc/mc_4.8.28-1_amd64.deb
--2023-05-16 11:16:05--  http://archive.ubuntu.com/ubuntu/pool/universe/m/mc/mc_4.8.28-1_amd64.deb
archive.ubuntu.com (archive.ubuntu.com) 해석 중... 185.125.190.39, 91.189.91.38, 91.189.91.39, ...
다음으로 연결 중: archive.ubuntu.com (archive.ubuntu.com)|185.125.190.39|:80... 연결했습니다.
HTTP 요청을 보냈습니다. 응답 기다리는 중... 200 OK
길이: 540062 (527K) [application/x-debian-package]
저장 위치: ‘mc_4.8.28-1_amd64.deb’

mc_4.8.28-1_amd64.d 100%[===================>] 527.40K   382KB/s    / 1.4s     

2023-05-16 11:16:08 (382 KB/s) - ‘mc_4.8.28-1_amd64.deb’ 저장함 [540062/540062]

root@yeeun-virtual-machine:~/다운로드# ls
google-chrome-stable_current_amd64.deb  mc_4.8.28-1_amd64.deb
mc-data_4.8.28-1_all.deb
root@yeeun-virtual-machine:~/다운로드# wget http://archive.ubuntu.com/ubuntu/pool/universe/n/ncftp/ncftp_3.2.6-1_amd64.deb
--2023-05-16 11:19:04--  http://archive.ubuntu.com/ubuntu/pool/universe/n/ncftp/ncftp_3.2.6-1_amd64.deb
archive.ubuntu.com (archive.ubuntu.com) 해석 중... 185.125.190.36, 91.189.91.38, 185.125.190.39, ...
다음으로 연결 중: archive.ubuntu.com (archive.ubuntu.com)|185.125.190.36|:80... 연결했습니다.
HTTP 요청을 보냈습니다. 응답 기다리는 중... 200 OK
길이: 338438 (331K) [application/x-debian-package]
저장 위치: ‘ncftp_3.2.6-1_amd64.deb’

ncftp_3.2.6-1_amd64 100%[===================>] 330.51K   280KB/s    / 1.2s     

2023-05-16 11:19:06 (280 KB/s) - ‘ncftp_3.2.6-1_amd64.deb’ 저장함 [338438/338438]

root@yeeun-virtual-machine:~/다운로드# ls
google-chrome-stable_current_amd64.deb  mc_4.8.28-1_amd64.deb
mc-data_4.8.28-1_all.deb                ncftp_3.2.6-1_amd64.deb
root@yeeun-virtual-machine:~/다운로드# dpkg -l ncftp
희망상태=알수없음(U)/설치(I)/지우기(R)/깨끗이(P)/고정(H)
| 상태=아님(N)/설치(I)/설정(C)/풀림(U)/절반설정(F)/일부설치(H)/트리거대기(W)/
| /    트리거밀림(T)
|/ 오류?=(없음)/다시설치필요(R) (상태, 오류가 대문자=불량)
||/ 이름           버전         Architecture 설명
+++-==============-============-============-=================================
un  ncftp          <none>       <none>       (설명 없음)
root@yeeun-virtual-machine:~/다운로드# dpkg --info ncftp.deb
dpkg-deb: 오류: `ncftp.deb' 아카이브를 읽는데 실패했습니다: 그런 파일이나 디렉터리가 없습니다
root@yeeun-virtual-machine:~/다운로드# dpkg --info ncftp_3.2.6-1_amd64.deb 
 new Debian package, version 2.0.
 size 338438 bytes: control archive=1292 bytes.
     588 바이트,    14 줄      control              
    1194 바이트,    19 줄      md5sums              
     201 바이트,    10 줄   *  postinst             #!/bin/sh
     115 바이트,    13 줄   *  prerm                #!/bin/sh
 Package: ncftp
 Version: 2:3.2.6-1
 Architecture: amd64
 Maintainer: Ubuntu Developers <ubuntu-devel-discuss@lists.ubuntu.com>
 Original-Maintainer: Noël Köthe <noel@debian.org>
 Installed-Size: 1122
 Depends: libc6 (>= 2.34), libncurses6 (>= 6), libtinfo6 (>= 6)
 Section: net
 Priority: optional
 Homepage: https://www.ncftp.com/ncftp/
 Description: User-friendly and well-featured FTP client
  Ncftp allows a user to transfer files to and from a remote network
  site, and offers additional features that are not found in the standard
  interface, ftp. This version has Readline support enabled.
root@yeeun-virtual-machine:~/다운로드# dpkg -i ncftp_3.2.6-1_amd64.deb
Selecting previously unselected package ncftp.
(데이터베이스 읽는중 ...현재 202277개의 파일과 디렉터리가 설치되어 있습니다.)
Preparing to unpack ncftp_3.2.6-1_amd64.deb ...
Unpacking ncftp (2:3.2.6-1) ...
ncftp (2:3.2.6-1) 설정하는 중입니다 ...
update-alternatives: using /usr/bin/ncftp3 to provide /usr/bin/ncftp (ncftp) in auto mode
Processing triggers for man-db (2.10.2-1) ...
root@yeeun-virtual-machine:~/다운로드# dpkg -l ncftp
희망상태=알수없음(U)/설치(I)/지우기(R)/깨끗이(P)/고정(H)
| 상태=아님(N)/설치(I)/설정(C)/풀림(U)/절반설정(F)/일부설치(H)/트리거대기(W)/
| /    트리거밀림(T)
|/ 오류?=(없음)/다시설치필요(R) (상태, 오류가 대문자=불량)
||/ 이름           버전         Architecture 설명
+++-==============-============-============-==================================>
ii  ncftp          2:3.2.6-1    amd64        User-friendly and well-featured FT>
lines 1-7/7 (END)
[1]+  멈춤                  dpkg -l ncftp
root@yeeun-virtual-machine:~/다운로드# ncftp
NcFTP 3.2.6 (Dec 04, 2016) by Mike Gleason (http://www.NcFTP.com/contact/).

Copyright (c) 1992-2016 by Mike Gleason.
All rights reserved.

ncftp> open ftp.ubuntu.com
Connecting to 185.125.190.39...                                                 
FTP server (vsftpd)
Logging in...                                                                   
Login successful.
Logged in to ftp.ubuntu.com.                                                    
ncftp / > ls
cdimage/                  maas-images/              ubuntu/
cloud-images/             old-images/               ubuntu-cloud-archive/
extras/                   releases/                 ubuntu-ports/
lxc-images/               simple-streams/
ncftp / > cd ubuntu
Directory successfully changed.
ncftp /ubuntu > cd pool
Directory successfully changed.
ncftp /ubuntu/pool > ls
main/        multiverse/  restricted/  universe/
ncftp /ubuntu/pool > cd universe
Directory successfully changed.
ncftp /ubuntu/pool/universe > ls
0/     9/     f/     l/     libd/  libj/  libp/  libv/  n/     t/     z/
2/     a/     g/     lib2/  libe/  libk/  libq/  libw/  o/     u/
3/     b/     h/     lib3/  libf/  libl/  libr/  libx/  p/     v/
4/     c/     i/     liba/  libg/  libm/  libs/  liby/  q/     w/
6/     d/     j/     libb/  libh/  libn/  libt/  libz/  r/     x/
7/     e/     k/     libc/  libi/  libo/  libu/  m/     s/     y/
ncftp /ubuntu/pool/universe > cd n
Directory successfully changed.
ncftp /ubuntu/pool/universe/n > cd ncftp
Directory successfully changed.
ncftp .../pool/universe/n/ncftp > ls
ncftp_3.2.5-1.1.diff.gz                ncftp_3.2.5-2.2.dsc
ncftp_3.2.5-1.1.dsc                    ncftp_3.2.5-2.2_amd64.deb
ncftp_3.2.5-1.1_amd64.deb              ncftp_3.2.5-2.debian.tar.xz
ncftp_3.2.5-1.1_i386.deb               ncftp_3.2.5-2.dsc
ncftp_3.2.5-1.1build1.diff.gz          ncftp_3.2.5-2_amd64.deb
ncftp_3.2.5-1.1build1.dsc              ncftp_3.2.5-2_i386.deb
ncftp_3.2.5-1.1build1_amd64.deb        ncftp_3.2.5.orig.tar.gz
ncftp_3.2.5-1.1build1_i386.deb         ncftp_3.2.6-1.debian.tar.xz
ncftp_3.2.5-2.1.debian.tar.xz          ncftp_3.2.6-1.dsc
ncftp_3.2.5-2.1.dsc                    ncftp_3.2.6-1_amd64.deb
ncftp_3.2.5-2.1_amd64.deb              ncftp_3.2.6.orig.tar.gz
ncftp_3.2.5-2.2.debian.tar.xz
ncftp .../pool/universe/n/ncftp > exit
root@yeeun-virtual-machine:~/다운로드# dpkg -r ncftp
(데이터베이스 읽는중 ...현재 202297개의 파일과 디렉터리가 설치되어 있습니다.)
ncftp (2:3.2.6-1)를 제거합니다...
Processing triggers for man-db (2.10.2-1) ...
root@yeeun-virtual-machine:~/다운로드# dpkg -i mc
mc-data_4.8.28-1_all.deb  mc_4.8.28-1_amd64.deb     
root@yeeun-virtual-machine:~/다운로드# dpkg -i mc
mc-data_4.8.28-1_all.deb  mc_4.8.28-1_amd64.deb     
root@yeeun-virtual-machine:~/다운로드# dpkg -i mc
mc-data_4.8.28-1_all.deb  mc_4.8.28-1_amd64.deb     
root@yeeun-virtual-machine:~/다운로드# dpkg -i mc_4.8.28-1_amd64.deb 
Selecting previously unselected package mc.
(데이터베이스 읽는중 ...현재 202277개의 파일과 디렉터리가 설치되어 있습니다.)
Preparing to unpack mc_4.8.28-1_amd64.deb ...
Unpacking mc (3:4.8.28-1) ...
dpkg: 종속성 문제로 mc의 구성이 차단되었습니다:
 mc 패키지는 다음 패키지에 의존: libssh2-1 (>= 1.2.8): 하지만:
  libssh2-1 패키지는 설치하지 않았습니다.
 mc 패키지는 다음 패키지에 의존: mc-data (= 3:4.8.28-1): 하지만:
  mc-data 패키지는 설치하지 않았습니다.

dpkg: error processing package mc (--install):
 의존성 문제 - 설정하지 않고 남겨둠
Processing triggers for mailcap (3.70+nmu1ubuntu1) ...
Processing triggers for gnome-menus (3.36.0-1ubuntu3) ...
Processing triggers for desktop-file-utils (0.26-1ubuntu3) ...
처리하는데 오류가 발생했습니다:
 mc
root@yeeun-virtual-machine:~/다운로드# dpkg -l mc
희망상태=알수없음(U)/설치(I)/지우기(R)/깨끗이(P)/고정(H)
| 상태=아님(N)/설치(I)/설정(C)/풀림(U)/절반설정(F)/일부설치(H)/트리거대기(W)/
| /    트리거밀림(T)
|/ 오류?=(없음)/다시설치필요(R) (상태, 오류가 대문자=불량)
||/ 이름           버전         Architecture 설명
+++-==============-============-============-==================================>
iU  mc             3:4.8.28-1   amd64        Midnight Commander - a powerful fi>
...skipping...
희망상태=알수없음(U)/설치(I)/지우기(R)/깨끗이(P)/고정(H)
| 상태=아님(N)/설치(I)/설정(C)/풀림(U)/절반설정(F)/일부설치(H)/트리거대기(W)/
| /    트리거밀림(T)
|/ 오류?=(없음)/다시설치필요(R) (상태, 오류가 대문자=불량)
||/ 이름           버전         Architecture 설명
+++-==============-============-============-==================================>
iU  mc             3:4.8.28-1   amd64        Midnight Commander - a powerful fi>
~
~
~
~
~
~
~
~
~
~
~
~
~
~
~
~
lines 1-7/7 (END)
[2]+  멈춤                  dpkg -l mc
root@yeeun-virtual-machine:~/다운로드# dpkg -r mc
(데이터베이스 읽는중 ...현재 202379개의 파일과 디렉터리가 설치되어 있습니다.)
mc (3:4.8.28-1)를 제거합니다...
Processing triggers for mailcap (3.70+nmu1ubuntu1) ...
Processing triggers for gnome-menus (3.36.0-1ubuntu3) ...
Processing triggers for desktop-file-utils (0.26-1ubuntu3) ...
root@yeeun-virtual-machine:~/다운로드# ls
google-chrome-stable_current_amd64.deb  mc_4.8.28-1_amd64.deb
mc-data_4.8.28-1_all.deb                ncftp_3.2.6-1_amd64.deb
root@yeeun-virtual-machine:~/다운로드# rm mc-data_4.8.28-1_all.deb 
root@yeeun-virtual-machine:~/다운로드# ls
google-chrome-stable_current_amd64.deb  ncftp_3.2.6-1_amd64.deb
mc_4.8.28-1_amd64.deb
root@yeeun-virtual-machine:~/다운로드#